// Jest Snapshot v1, https://goo.gl/fbAQLP

exports[`Wrapper 1`] = `
.corUcZ {
  font-family: Consolas, monaco, monospace;
  padding: 2em;
}

.corUcZ table {
  padding: 2em;
  border-collapse: collapse;
  border: 1px solid gray;
}

.corUcZ tbody tr:nth-child(odd) {
  background: lightpink;
}

.corUcZ tbody tr:nth-child(even) {
  background: papayawhip;
}

.corUcZ th,
.corUcZ td {
  padding: 1em;
  border: 0px;
}

.corUcZ .rendered {
  border: 1px solid gray;
  padding: 0.5em;
  background: white;
}

<div
  className="corUcZ"
/>
`;
